Archive member included to satisfy reference by file (symbol)

/opt/Atollic_TrueSTUDIO_for_STM32_x86_64_9.0.1/ARMTools/bin/../lib/gcc/arm-atollic-eabi/6.3.1/../../../../arm-atollic-eabi/lib/armv7-m/libc_nano.a(lib_a-errno.o)
                              Src/syscalls.o (__errno)
/opt/Atollic_TrueSTUDIO_for_STM32_x86_64_9.0.1/ARMTools/bin/../lib/gcc/arm-atollic-eabi/6.3.1/../../../../arm-atollic-eabi/lib/armv7-m/libc_nano.a(lib_a-impure.o)
                              /opt/Atollic_TrueSTUDIO_for_STM32_x86_64_9.0.1/ARMTools/bin/../lib/gcc/arm-atollic-eabi/6.3.1/../../../../arm-atollic-eabi/lib/armv7-m/libc_nano.a(lib_a-errno.o) (_impure_ptr)
/opt/Atollic_TrueSTUDIO_for_STM32_x86_64_9.0.1/ARMTools/bin/../lib/gcc/arm-atollic-eabi/6.3.1/../../../../arm-atollic-eabi/lib/armv7-m/libc_nano.a(lib_a-init.o)
                              startup/startup_stm32f103xb.o (__libc_init_array)
/opt/Atollic_TrueSTUDIO_for_STM32_x86_64_9.0.1/ARMTools/bin/../lib/gcc/arm-atollic-eabi/6.3.1/../../../../arm-atollic-eabi/lib/armv7-m/libc_nano.a(lib_a-memset.o)
                              Src/main.o (memset)

Allocating common symbols
Common symbol       size              file

USERPath            0x4               Src/fatfs.o
fs                  0x1030            Src/main.o
buff                0x3e8             Src/main.o
uwTick              0x4               Drivers/STM32F1xx_HAL_Driver/Src/stm32f1xx_hal.o
br                  0x4               Src/main.o
pFlash              0x20              Drivers/STM32F1xx_HAL_Driver/Src/stm32f1xx_hal_flash.o
hadc1               0x30              Src/main.o
Data                0x4               Src/main.o
buffer              0x4               Src/main.o
hdma_adc1           0x44              Src/main.o
retUSER             0x1               Src/fatfs.o
bw                  0x4               Src/main.o
Timer2              0x1               Src/stm32f1xx_it.o
hspi1               0x58              Src/main.o
htim2               0x40              Src/main.o
hdma_spi1_rx        0x44              Src/main.o
adcValue            0x4               Src/main.o
Timer1              0x1               Src/stm32f1xx_it.o
fil                 0x102c            Src/main.o
hdma_spi1_tx        0x44              Src/main.o
USERFile            0x102c            Src/fatfs.o
USERFatFS           0x1030            Src/fatfs.o

Discarded input sections

 .text          0x0000000000000000        0x0 /opt/Atollic_TrueSTUDIO_for_STM32_x86_64_9.0.1/ARMTools/bin/../lib/gcc/arm-atollic-eabi/6.3.1/armv7-m/crti.o
 .data          0x0000000000000000        0x0 /opt/Atollic_TrueSTUDIO_for_STM32_x86_64_9.0.1/ARMTools/bin/../lib/gcc/arm-atollic-eabi/6.3.1/armv7-m/crti.o
 .bss           0x0000000000000000        0x0 /opt/Atollic_TrueSTUDIO_for_STM32_x86_64_9.0.1/ARMTools/bin/../lib/gcc/arm-atollic-eabi/6.3.1/armv7-m/crti.o
 .data          0x0000000000000000        0x4 /opt/Atollic_TrueSTUDIO_for_STM32_x86_64_9.0.1/ARMTools/bin/../lib/gcc/arm-atollic-eabi/6.3.1/armv7-m/crtbegin.o
 .text          0x0000000000000000        0x0 Drivers/STM32F1xx_HAL_Driver/Src/stm32f1xx_hal.o
 .data          0x0000000000000000        0x0 Drivers/STM32F1xx_HAL_Driver/Src/stm32f1xx_hal.o
 .bss           0x0000000000000000        0x0 Drivers/STM32F1xx_HAL_Driver/Src/stm32f1xx_hal.o
 .text.HAL_DeInit
                0x0000000000000000       0x30 Drivers/STM32F1xx_HAL_Driver/Src/stm32f1xx_hal.o
 .text.HAL_MspInit
                0x0000000000000000        0xc Drivers/STM32F1xx_HAL_Driver/Src/stm32f1xx_hal.o
 .text.HAL_MspDeInit
                0x0000000000000000        0xc Drivers/STM32F1xx_HAL_Driver/Src/stm32f1xx_hal.o
 .text.HAL_GetTickPrio
                0x0000000000000000       0x14 Drivers/STM32F1xx_HAL_Driver/Src/stm32f1xx_hal.o
 .text.HAL_SetTickFreq
                0x0000000000000000       0x44 Drivers/STM32F1xx_HAL_Driver/Src/stm32f1xx_hal.o
 .text.HAL_GetTickFreq
                0x0000000000000000       0x14 Drivers/STM32F1xx_HAL_Driver/Src/stm32f1xx_hal.o
 .text.HAL_Delay
                0x0000000000000000       0x44 Drivers/STM32F1xx_HAL_Driver/Src/stm32f1xx_hal.o
 .text.HAL_SuspendTick
                0x0000000000000000       0x1c Drivers/STM32F1xx_HAL_Driver/Src/stm32f1xx_hal.o
 .text.HAL_ResumeTick
                0x0000000000000000       0x1c Drivers/STM32F1xx_HAL_Driver/Src/stm32f1xx_hal.o
 .text.HAL_GetHalVersion
                0x0000000000000000       0x14 Drivers/STM32F1xx_HAL_Driver/Src/stm32f1xx_hal.o
 .text.HAL_GetREVID
                0x0000000000000000       0x18 Drivers/STM32F1xx_HAL_Driver/Src/stm32f1xx_hal.o
 .text.HAL_GetDEVID
                0x0000000000000000       0x18 Drivers/STM32F1xx_HAL_Driver/Src/stm32f1xx_hal.o
 .text.HAL_GetUIDw0
                0x0000000000000000       0x14 Drivers/STM32F1xx_HAL_Driver/Src/stm32f1xx_hal.o
 .text.HAL_GetUIDw1
                0x0000000000000000       0x14 Drivers/STM32F1xx_HAL_Driver/Src/stm32f1xx_hal.o
 .text.HAL_GetUIDw2
[...]
Memory Configuration

Name             Origin             Length             Attributes
RAM              0x0000000020000000 0x0000000000005000 xrw
FLASH            0x0000000008000000 0x0000000000010000 xr
*default*        0x0000000000000000 0xffffffffffffffff

Linker script and memory map

LOAD /opt/Atollic_TrueSTUDIO_for_STM32_x86_64_9.0.1/ARMTools/bin/../lib/gcc/arm-atollic-eabi/6.3.1/armv7-m/crti.o
LOAD /opt/Atollic_TrueSTUDIO_for_STM32_x86_64_9.0.1/ARMTools/bin/../lib/gcc/arm-atollic-eabi/6.3.1/armv7-m/crtbegin.o
LOAD Drivers/STM32F1xx_HAL_Driver/Src/stm32f1xx_hal.o
LOAD Drivers/STM32F1xx_HAL_Driver/Src/stm32f1xx_hal_adc.o
LOAD Drivers/STM32F1xx_HAL_Driver/Src/stm32f1xx_hal_adc_ex.o
LOAD Drivers/STM32F1xx_HAL_Driver/Src/stm32f1xx_hal_cortex.o
LOAD Drivers/STM32F1xx_HAL_Driver/Src/stm32f1xx_hal_dma.o
LOAD Drivers/STM32F1xx_HAL_Driver/Src/stm32f1xx_hal_exti.o
LOAD Drivers/STM32F1xx_HAL_Driver/Src/stm32f1xx_hal_flash.o
LOAD Drivers/STM32F1xx_HAL_Driver/Src/stm32f1xx_hal_flash_ex.o
LOAD Drivers/STM32F1xx_HAL_Driver/Src/stm32f1xx_hal_gpio.o
LOAD Drivers/STM32F1xx_HAL_Driver/Src/stm32f1xx_hal_gpio_ex.o
LOAD Drivers/STM32F1xx_HAL_Driver/Src/stm32f1xx_hal_pwr.o
LOAD Drivers/STM32F1xx_HAL_Driver/Src/stm32f1xx_hal_rcc.o
LOAD Drivers/STM32F1xx_HAL_Driver/Src/stm32f1xx_hal_rcc_ex.o
LOAD Drivers/STM32F1xx_HAL_Driver/Src/stm32f1xx_hal_spi.o
LOAD Drivers/STM32F1xx_HAL_Driver/Src/stm32f1xx_hal_tim.o
LOAD Drivers/STM32F1xx_HAL_Driver/Src/stm32f1xx_hal_tim_ex.o
LOAD Middlewares/Third_Party/FatFs/src/diskio.o
LOAD Middlewares/Third_Party/FatFs/src/ff.o
LOAD Middlewares/Third_Party/FatFs/src/ff_gen_drv.o
LOAD Middlewares/Third_Party/FatFs/src/option/ccsbcs.o
LOAD Middlewares/Third_Party/FatFs/src/option/syscall.o
LOAD Src/fatfs.o
LOAD Src/fatfs_sd.o
LOAD Src/main.o
LOAD Src/stm32f1xx_hal_msp.o
LOAD Src/stm32f1xx_it.o
LOAD Src/syscalls.o
LOAD Src/system_stm32f1xx.o
LOAD Src/user_diskio.o
LOAD startup/startup_stm32f103xb.o
                0x0000000000000080                malloc_getpagesize_P = 0x80
START GROUP
LOAD /opt/Atollic_TrueSTUDIO_for_STM32_x86_64_9.0.1/ARMTools/bin/../lib/gcc/arm-atollic-eabi/6.3.1/../../../../arm-atollic-eabi/lib/armv7-m/libc_nano.a
LOAD /opt/Atollic_TrueSTUDIO_for_STM32_x86_64_9.0.1/ARMTools/bin/../lib/gcc/arm-atollic-eabi/6.3.1/../../../../arm-atollic-eabi/lib/armv7-m/libm.a
END GROUP
START GROUP
LOAD /opt/Atollic_TrueSTUDIO_for_STM32_x86_64_9.0.1/ARMTools/bin/../lib/gcc/arm-atollic-eabi/6.3.1/armv7-m/libgcc.a
LOAD /opt/Atollic_TrueSTUDIO_for_STM32_x86_64_9.0.1/ARMTools/bin/../lib/gcc/arm-atollic-eabi/6.3.1/../../../../arm-atollic-eabi/lib/armv7-m/libc_nano.a
END GROUP
START GROUP
LOAD /opt/Atollic_TrueSTUDIO_for_STM32_x86_64_9.0.1/ARMTools/bin/../lib/gcc/arm-atollic-eabi/6.3.1/armv7-m/libgcc.a
LOAD /opt/Atollic_TrueSTUDIO_for_STM32_x86_64_9.0.1/ARMTools/bin/../lib/gcc/arm-atollic-eabi/6.3.1/../../../../arm-atollic-eabi/lib/armv7-m/libc_nano.a
LOAD /opt/Atollic_TrueSTUDIO_for_STM32_x86_64_9.0.1/ARMTools/bin/../lib/gcc/arm-atollic-eabi/6.3.1/../../../../arm-atollic-eabi/lib/armv7-m/libnosys.a
END GROUP
START GROUP
LOAD /opt/Atollic_TrueSTUDIO_for_STM32_x86_64_9.0.1/ARMTools/bin/../lib/gcc/arm-atollic-eabi/6.3.1/armv7-m/libgcc.a
LOAD /opt/Atollic_TrueSTUDIO_for_STM32_x86_64_9.0.1/ARMTools/bin/../lib/gcc/arm-atollic-eabi/6.3.1/../../../../arm-atollic-eabi/lib/armv7-m/libc_nano.a
LOAD /opt/Atollic_TrueSTUDIO_for_STM32_x86_64_9.0.1/ARMTools/bin/../lib/gcc/arm-atollic-eabi/6.3.1/../../../../arm-atollic-eabi/lib/armv7-m/libnosys.a
END GROUP
LOAD /opt/Atollic_TrueSTUDIO_for_STM32_x86_64_9.0.1/ARMTools/bin/../lib/gcc/arm-atollic-eabi/6.3.1/armv7-m/crtend.o
LOAD /opt/Atollic_TrueSTUDIO_for_STM32_x86_64_9.0.1/ARMTools/bin/../lib/gcc/arm-atollic-eabi/6.3.1/armv7-m/crtn.o
                0x0000000020005000                _estack = 0x20005000
                0x0000000000000200                _Min_Heap_Size = 0x200
                0x0000000000000400                _Min_Stack_Size = 0x400

.isr_vector     0x0000000008000000      0x10c
                0x0000000008000000                . = ALIGN (0x4)
 *(.isr_vector)
 .isr_vector    0x0000000008000000      0x10c startup/startup_stm32f103xb.o
                0x0000000008000000                g_pfnVectors
                0x000000000800010c                . = ALIGN (0x4)

.text           0x000000000800010c     0x7814
                0x000000000800010c                . = ALIGN (0x4)
 *(.text)
 .text          0x000000000800010c       0x40 /opt/Atollic_TrueSTUDIO_for_STM32_x86_64_9.0.1/ARMTools/bin/../lib/gcc/arm-atollic-eabi/6.3.1/armv7-m/crtbegin.o
 *(.text*)
 .text.HAL_Init
                0x000000000800014c       0x2c Drivers/STM32F1xx_HAL_Driver/Src/stm32f1xx_hal.o
                0x000000000800014c                HAL_Init
 .text.HAL_InitTick
                0x0000000008000178       0x60 Drivers/STM32F1xx_HAL_Driver/Src/stm32f1xx_hal.o
                0x0000000008000178                HAL_InitTick
 .text.HAL_IncTick
                0x00000000080001d8       0x24 Drivers/STM32F1xx_HAL_Driver/Src/stm32f1xx_hal.o
                0x00000000080001d8                HAL_IncTick
 .text.HAL_GetTick
                0x00000000080001fc       0x14 Drivers/STM32F1xx_HAL_Driver/Src/stm32f1xx_hal.o
                0x00000000080001fc                HAL_GetTick
 .text.HAL_ADC_Init
                0x0000000008000210      0x1b0 Drivers/STM32F1xx_HAL_Driver/Src/stm32f1xx_hal_adc.o
                0x0000000008000210                HAL_ADC_Init
 .text.HAL_ADC_Stop
                0x00000000080003c0       0x58 Drivers/STM32F1xx_HAL_Driver/Src/stm32f1xx_hal_adc.o
                0x00000000080003c0                HAL_ADC_Stop
 .text.HAL_ADC_Start_DMA
                0x0000000008000418      0x1bc Drivers/STM32F1xx_HAL_Driver/Src/stm32f1xx_hal_adc.o
                0x0000000008000418                HAL_ADC_Start_DMA
 .text.HAL_ADC_ConvHalfCpltCallback
                0x00000000080005d4       0x12 Drivers/STM32F1xx_HAL_Driver/Src/stm32f1xx_hal_adc.o
                0x00000000080005d4                HAL_ADC_ConvHalfCpltCallback
 .text.HAL_ADC_ErrorCallback
                0x00000000080005e6       0x12 Drivers/STM32F1xx_HAL_Driver/Src/stm32f1xx_hal_adc.o
                0x00000000080005e6                HAL_ADC_ErrorCallback
 .text.HAL_ADC_ConfigChannel
                0x00000000080005f8      0x1f0 Drivers/STM32F1xx_HAL_Driver/Src/stm32f1xx_hal_adc.o
                0x00000000080005f8                HAL_ADC_ConfigChannel
 .text.ADC_Enable
                0x00000000080007e8       0xa4 Drivers/STM32F1xx_HAL_Driver/Src/stm32f1xx_hal_adc.o
                0x00000000080007e8                ADC_Enable
 .text.ADC_ConversionStop_Disable
                0x000000000800088c       0x74 Drivers/STM32F1xx_HAL_Driver/Src/stm32f1xx_hal_adc.o
                0x000000000800088c                ADC_ConversionStop_Disable
 .text.ADC_DMAConvCplt
                0x0000000008000900       0x7c Drivers/STM32F1xx_HAL_Driver/Src/stm32f1xx_hal_adc.o
                0x0000000008000900                ADC_DMAConvCplt
 .text.ADC_DMAHalfConvCplt
                0x000000000800097c       0x1c Drivers/STM32F1xx_HAL_Driver/Src/stm32f1xx_hal_adc.o
                0x000000000800097c                ADC_DMAHalfConvCplt
 .text.ADC_DMAError
                0x0000000008000998       0x34 Drivers/STM32F1xx_HAL_Driver/Src/stm32f1xx_hal_adc.o
                0x0000000008000998                ADC_DMAError
 .text.__NVIC_SetPriorityGrouping
                0x00000000080009cc       0x48 Drivers/STM32F1xx_HAL_Driver/Src/stm32f1xx_hal_cortex.o
 .text.__NVIC_GetPriorityGrouping
                0x0000000008000a14       0x1c Drivers/STM32F1xx_HAL_Driver/Src/stm32f1xx_hal_cortex.o
 .text.__NVIC_EnableIRQ
                0x0000000008000a30       0x38 Drivers/STM32F1xx_HAL_Driver/Src/stm32f1xx_hal_cortex.o
 .text.__NVIC_SetPriority
                0x0000000008000a68       0x54 Drivers/STM32F1xx_HAL_Driver/Src/stm32f1xx_hal_cortex.o
 .text.NVIC_EncodePriority
                0x0000000008000abc       0x60 Drivers/STM32F1xx_HAL_Driver/Src/stm32f1xx_hal_cortex.o
 .text.SysTick_Config
                0x0000000008000b1c       0x44 Drivers/STM32F1xx_HAL_Driver/Src/stm32f1xx_hal_cortex.o
 .text.HAL_NVIC_SetPriorityGrouping
                0x0000000008000b60       0x16 Drivers/STM32F1xx_HAL_Driver/Src/stm32f1xx_hal_cortex.o
                0x0000000008000b60                HAL_NVIC_SetPriorityGrouping
 .text.HAL_NVIC_SetPriority
                0x0000000008000b76       0x38 Drivers/STM32F1xx_HAL_Driver/Src/stm32f1xx_hal_cortex.o
                0x0000000008000b76                HAL_NVIC_SetPriority
 .text.HAL_NVIC_EnableIRQ
                0x0000000008000bae       0x1c Drivers/STM32F1xx_HAL_Driver/Src/stm32f1xx_hal_cortex.o
                0x0000000008000bae                HAL_NVIC_EnableIRQ
 .text.HAL_SYSTICK_Config
                0x0000000008000bca       0x18 Drivers/STM32F1xx_HAL_Driver/Src/stm32f1xx_hal_cortex.o
                0x0000000008000bca                HAL_SYSTICK_Config
 *fill*         0x0000000008000be2        0x2 
 .text.HAL_DMA_Init
                0x0000000008000be4       0xb4 Drivers/STM32F1xx_HAL_Driver/Src/stm32f1xx_hal_dma.o
                0x0000000008000be4                HAL_DMA_Init
 .text.HAL_DMA_Start_IT
                0x0000000008000c98       0xbe Drivers/STM32F1xx_HAL_Driver/Src/stm32f1xx_hal_dma.o
                0x0000000008000c98                HAL_DMA_Start_IT
 *fill*         0x0000000008000d56        0x2 
 .text.HAL_DMA_IRQHandler
                0x0000000008000d58      0x224 Drivers/STM32F1xx_HAL_Driver/Src/stm32f1xx_hal_dma.o
                0x0000000008000d58                HAL_DMA_IRQHandler
 .text.DMA_SetConfig
                0x0000000008000f7c       0x5a Drivers/STM32F1xx_HAL_Driver/Src/stm32f1xx_hal_dma.o
 *fill*         0x0000000008000fd6        0x2 
 .text.HAL_GPIO_Init
                0x0000000008000fd8      0x2b4 Drivers/STM32F1xx_HAL_Driver/Src/stm32f1xx_hal_gpio.o
                0x0000000008000fd8                HAL_GPIO_Init
 .text.HAL_GPIO_WritePin
                0x000000000800128c       0x30 Drivers/STM32F1xx_HAL_Driver/Src/stm32f1xx_hal_gpio.o
                0x000000000800128c                HAL_GPIO_WritePin
 .text.HAL_RCC_OscConfig
                0x00000000080012bc      0x500 Drivers/STM32F1xx_HAL_Driver/Src/stm32f1xx_hal_rcc.o
                0x00000000080012bc                HAL_RCC_OscConfig
 .text.HAL_RCC_ClockConfig
                0x00000000080017bc      0x1d4 Drivers/STM32F1xx_HAL_Driver/Src/stm32f1xx_hal_rcc.o
                0x00000000080017bc                HAL_RCC_ClockConfig
 .text.HAL_RCC_GetSysClockFreq
                0x0000000008001990       0xc4 Drivers/STM32F1xx_HAL_Driver/Src/stm32f1xx_hal_rcc.o
                0x0000000008001990                HAL_RCC_GetSysClockFreq
 .text.RCC_Delay
                0x0000000008001a54       0x3c Drivers/STM32F1xx_HAL_Driver/Src/stm32f1xx_hal_rcc.o
 .text.HAL_RCCEx_PeriphCLKConfig
                0x0000000008001a90      0x16c Drivers/STM32F1xx_HAL_Driver/Src/stm32f1xx_hal_rcc_ex.o
                0x0000000008001a90                HAL_RCCEx_PeriphCLKConfig
 .text.HAL_SPI_Init
                0x0000000008001bfc       0xc0 Drivers/STM32F1xx_HAL_Driver/Src/stm32f1xx_hal_spi.o
                0x0000000008001bfc                HAL_SPI_Init
 .text.HAL_SPI_Transmit
                0x0000000008001cbc      0x264 Drivers/STM32F1xx_HAL_Driver/Src/stm32f1xx_hal_spi.o
                0x0000000008001cbc                HAL_SPI_Transmit
 .text.HAL_SPI_TransmitReceive
                0x0000000008001f20      0x340 Drivers/STM32F1xx_HAL_Driver/Src/stm32f1xx_hal_spi.o
                0x0000000008001f20                HAL_SPI_TransmitReceive
 .text.HAL_SPI_GetState
                0x0000000008002260       0x1a Drivers/STM32F1xx_HAL_Driver/Src/stm32f1xx_hal_spi.o
                0x0000000008002260                HAL_SPI_GetState
 .text.SPI_WaitFlagStateUntilTimeout
                0x000000000800227a       0xd4 Drivers/STM32F1xx_HAL_Driver/Src/stm32f1xx_hal_spi.o
 .text.SPI_EndRxTxTransaction
                0x000000000800234e       0x3c Drivers/STM32F1xx_HAL_Driver/Src/stm32f1xx_hal_spi.o
 .text.HAL_TIM_Base_Init
                0x000000000800238a       0x56 Drivers/STM32F1xx_HAL_Driver/Src/stm32f1xx_hal_tim.o
                0x000000000800238a                HAL_TIM_Base_Init
 .text.HAL_TIM_Base_Start_IT
                0x00000000080023e0       0x46 Drivers/STM32F1xx_HAL_Driver/Src/stm32f1xx_hal_tim.o
                0x00000000080023e0                HAL_TIM_Base_Start_IT
 .text.HAL_TIM_IRQHandler
                0x0000000008002426      0x210 Drivers/STM32F1xx_HAL_Driver/Src/stm32f1xx_hal_tim.o
                0x0000000008002426                HAL_TIM_IRQHandler
 .text.HAL_TIM_ConfigClockSource
                0x0000000008002636      0x16e Drivers/STM32F1xx_HAL_Driver/Src/stm32f1xx_hal_tim.o
                0x0000000008002636                HAL_TIM_ConfigClockSource
 .text.HAL_TIM_OC_DelayElapsedCallback
                0x00000000080027a4       0x12 Drivers/STM32F1xx_HAL_Driver/Src/stm32f1xx_hal_tim.o
                0x00000000080027a4                HAL_TIM_OC_DelayElapsedCallback
 .text.HAL_TIM_IC_CaptureCallback
                0x00000000080027b6       0x12 Drivers/STM32F1xx_HAL_Driver/Src/stm32f1xx_hal_tim.o
                0x00000000080027b6                HAL_TIM_IC_CaptureCallback
 .text.HAL_TIM_PWM_PulseFinishedCallback
                0x00000000080027c8       0x12 Drivers/STM32F1xx_HAL_Driver/Src/stm32f1xx_hal_tim.o
                0x00000000080027c8                HAL_TIM_PWM_PulseFinishedCallback
 .text.HAL_TIM_TriggerCallback
                0x00000000080027da       0x12 Drivers/STM32F1xx_HAL_Driver/Src/stm32f1xx_hal_tim.o
                0x00000000080027da                HAL_TIM_TriggerCallback
 .text.TIM_Base_SetConfig
                0x00000000080027ec       0xc4 Drivers/STM32F1xx_HAL_Driver/Src/stm32f1xx_hal_tim.o
                0x00000000080027ec                TIM_Base_SetConfig
 .text.TIM_TI1_ConfigInputStage
                0x00000000080028b0       0x5c Drivers/STM32F1xx_HAL_Driver/Src/stm32f1xx_hal_tim.o
 .text.TIM_TI2_ConfigInputStage
                0x000000000800290c       0x5e Drivers/STM32F1xx_HAL_Driver/Src/stm32f1xx_hal_tim.o
 .text.TIM_ITRx_SetConfig
                0x000000000800296a       0x34 Drivers/STM32F1xx_HAL_Driver/Src/stm32f1xx_hal_tim.o
 .text.TIM_ETR_SetConfig
                0x000000000800299e       0x3e Drivers/STM32F1xx_HAL_Driver/Src/stm32f1xx_hal_tim.o
                0x000000000800299e                TIM_ETR_SetConfig
 .text.HAL_TIMEx_MasterConfigSynchronization
                0x00000000080029dc       0x88 Drivers/STM32F1xx_HAL_Driver/Src/stm32f1xx_hal_tim_ex.o
                0x00000000080029dc                HAL_TIMEx_MasterConfigSynchronization
 .text.HAL_TIMEx_CommutCallback
                0x0000000008002a64       0x12 Drivers/STM32F1xx_HAL_Driver/Src/stm32f1xx_hal_tim_ex.o
                0x0000000008002a64                HAL_TIMEx_CommutCallback
 .text.HAL_TIMEx_BreakCallback
                0x0000000008002a76       0x12 Drivers/STM32F1xx_HAL_Driver/Src/stm32f1xx_hal_tim_ex.o
                0x0000000008002a76                HAL_TIMEx_BreakCallback
 .text.disk_status
                0x0000000008002a88       0x34 Middlewares/Third_Party/FatFs/src/diskio.o
                0x0000000008002a88                disk_status
 .text.disk_initialize
                0x0000000008002abc       0x4c Middlewares/Third_Party/FatFs/src/diskio.o
                0x0000000008002abc                disk_initialize
 .text.disk_read
                0x0000000008002b08       0x40 Middlewares/Third_Party/FatFs/src/diskio.o
                0x0000000008002b08                disk_read
 .text.disk_write
                0x0000000008002b48       0x40 Middlewares/Third_Party/FatFs/src/diskio.o
                0x0000000008002b48                disk_write
 .text.disk_ioctl
                0x0000000008002b88       0x3c Middlewares/Third_Party/FatFs/src/diskio.o
                0x0000000008002b88                disk_ioctl
 .text.mem_cpy  0x0000000008002bc4       0x3a Middlewares/Third_Party/FatFs/src/ff.o
 .text.mem_set  0x0000000008002bfe       0x32 Middlewares/Third_Party/FatFs/src/ff.o
 .text.mem_cmp  0x0000000008002c30       0x4c Middlewares/Third_Party/FatFs/src/ff.o
 .text.chk_chr  0x0000000008002c7c       0x34 Middlewares/Third_Party/FatFs/src/ff.o
 .text.chk_lock
                0x0000000008002cb0       0xe4 Middlewares/Third_Party/FatFs/src/ff.o
 .text.enq_lock
                0x0000000008002d94       0x48 Middlewares/Third_Party/FatFs/src/ff.o
 .text.inc_lock
                0x0000000008002ddc      0x180 Middlewares/Third_Party/FatFs/src/ff.o
 .text.dec_lock
                0x0000000008002f5c       0x88 Middlewares/Third_Party/FatFs/src/ff.o
 .text.clear_lock
                0x0000000008002fe4       0x50 Middlewares/Third_Party/FatFs/src/ff.o
 .text.sync_window
                0x0000000008003034       0xb4 Middlewares/Third_Party/FatFs/src/ff.o
 .text.move_window
                0x00000000080030e8       0x68 Middlewares/Third_Party/FatFs/src/ff.o
 .text.sync_fs  0x0000000008003150      0x19e Middlewares/Third_Party/FatFs/src/ff.o
 .text.clust2sect
                0x00000000080032ee       0x4e Middlewares/Third_Party/FatFs/src/ff.o
                0x00000000080032ee                clust2sect
 .text.get_fat  0x000000000800333c      0x204 Middlewares/Third_Party/FatFs/src/ff.o
                0x000000000800333c                get_fat
 .text.put_fat  0x0000000008003540      0x2ba Middlewares/Third_Party/FatFs/src/ff.o
                0x0000000008003540                put_fat
 .text.remove_chain
                0x00000000080037fa       0xd0 Middlewares/Third_Party/FatFs/src/ff.o
 .text.create_chain
                0x00000000080038ca      0x162 Middlewares/Third_Party/FatFs/src/ff.o
 .text.clmt_clust
                0x0000000008003a2c       0x86 Middlewares/Third_Party/FatFs/src/ff.o
 .text.dir_sdi  0x0000000008003ab2      0x1b6 Middlewares/Third_Party/FatFs/src/ff.o
 .text.dir_next
                0x0000000008003c68      0x2c4 Middlewares/Third_Party/FatFs/src/ff.o
 .text.dir_alloc
                0x0000000008003f2c       0xa2 Middlewares/Third_Party/FatFs/src/ff.o
 .text.ld_clust
                0x0000000008003fce       0x5c Middlewares/Third_Party/FatFs/src/ff.o
 .text.st_clust
                0x000000000800402a       0x4c Middlewares/Third_Party/FatFs/src/ff.o
 *fill*         0x0000000008004076        0x2 
 .text.cmp_lfn  0x0000000008004078       0xdc Middlewares/Third_Party/FatFs/src/ff.o
 .text.fit_lfn  0x0000000008004154       0xe8 Middlewares/Third_Party/FatFs/src/ff.o
 .text.gen_numname
                0x000000000800423c      0x11c Middlewares/Third_Party/FatFs/src/ff.o
 .text.sum_sfn  0x0000000008004358       0x40 Middlewares/Third_Party/FatFs/src/ff.o
 .text.dir_find
                0x0000000008004398      0x1aa Middlewares/Third_Party/FatFs/src/ff.o
 *fill*         0x0000000008004542        0x2 
 .text.dir_register
                0x0000000008004544      0x260 Middlewares/Third_Party/FatFs/src/ff.o
 .text.create_name
                0x00000000080047a4      0x384 Middlewares/Third_Party/FatFs/src/ff.o
 .text.follow_path
                0x0000000008004b28       0xf2 Middlewares/Third_Party/FatFs/src/ff.o
 .text.get_ldnumber
                0x0000000008004c1a       0x86 Middlewares/Third_Party/FatFs/src/ff.o
 .text.check_fs
                0x0000000008004ca0       0xdc Middlewares/Third_Party/FatFs/src/ff.o
 .text.find_volume
                0x0000000008004d7c      0x6b8 Middlewares/Third_Party/FatFs/src/ff.o
 .text.validate
                0x0000000008005434       0x7c Middlewares/Third_Party/FatFs/src/ff.o
 .text.f_mount  0x00000000080054b0       0x94 Middlewares/Third_Party/FatFs/src/ff.o
                0x00000000080054b0                f_mount
 .text.f_open   0x0000000008005544      0x674 Middlewares/Third_Party/FatFs/src/ff.o
                0x0000000008005544                f_open
 .text.f_write  0x0000000008005bb8      0x4e6 Middlewares/Third_Party/FatFs/src/ff.o
                0x0000000008005bb8                f_write
 .text.f_sync   0x000000000800609e      0x1c4 Middlewares/Third_Party/FatFs/src/ff.o
                0x000000000800609e                f_sync
 .text.f_close  0x0000000008006262       0x56 Middlewares/Third_Party/FatFs/src/ff.o
                0x0000000008006262                f_close
 .text.FATFS_LinkDriverEx
                0x00000000080062b8       0x94 Middlewares/Third_Party/FatFs/src/ff_gen_drv.o
                0x00000000080062b8                FATFS_LinkDriverEx
 .text.FATFS_LinkDriver
                0x000000000800634c       0x1e Middlewares/Third_Party/FatFs/src/ff_gen_drv.o
                0x000000000800634c                FATFS_LinkDriver
 *fill*         0x000000000800636a        0x2 
 .text.ff_convert
                0x000000000800636c       0x74 Middlewares/Third_Party/FatFs/src/option/ccsbcs.o
                0x000000000800636c                ff_convert
 .text.ff_wtoupper
                0x00000000080063e0       0x5c Middlewares/Third_Party/FatFs/src/option/ccsbcs.o
                0x00000000080063e0                ff_wtoupper
 .text.MX_FATFS_Init
                0x000000000800643c       0x24 Src/fatfs.o
                0x000000000800643c                MX_FATFS_Init
 .text.get_fattime
                0x0000000008006460        0xe Src/fatfs.o
                0x0000000008006460                get_fattime
 *fill*         0x000000000800646e        0x2 
 .text.SELECT   0x0000000008006470       0x18 Src/fatfs_sd.o
 .text.DESELECT
                0x0000000008006488       0x18 Src/fatfs_sd.o
 .text.SPI_TxByte
                0x00000000080064a0       0x34 Src/fatfs_sd.o
 .text.SPI_RxByte
                0x00000000080064d4       0x3c Src/fatfs_sd.o
 .text.SPI_RxBytePtr
                0x0000000008006510       0x1c Src/fatfs_sd.o
 .text.SD_ReadyWait
                0x000000000800652c       0x38 Src/fatfs_sd.o
 .text.SD_PowerOn
                0x0000000008006564       0x98 Src/fatfs_sd.o
 .text.SD_PowerOff
                0x00000000080065fc       0x18 Src/fatfs_sd.o
 .text.SD_CheckPower
                0x0000000008006614       0x14 Src/fatfs_sd.o
 .text.SD_RxDataBlock
                0x0000000008006628       0x6c Src/fatfs_sd.o
 .text.SD_TxDataBlock
                0x0000000008006694       0xa8 Src/fatfs_sd.o
 .text.SD_SendCmd
                0x000000000800673c       0xa4 Src/fatfs_sd.o
 .text.SD_disk_initialize
                0x00000000080067e0      0x1d4 Src/fatfs_sd.o
                0x00000000080067e0                SD_disk_initialize
 .text.SD_disk_status
                0x00000000080069b4       0x28 Src/fatfs_sd.o
                0x00000000080069b4                SD_disk_status
 .text.SD_disk_read
                0x00000000080069dc       0xd4 Src/fatfs_sd.o
                0x00000000080069dc                SD_disk_read
 .text.SD_disk_write
                0x0000000008006ab0      0x108 Src/fatfs_sd.o
                0x0000000008006ab0                SD_disk_write
 .text.SD_disk_ioctl
                0x0000000008006bb8      0x25c Src/fatfs_sd.o
                0x0000000008006bb8                SD_disk_ioctl
 .text.HAL_ADC_ConvCpltCallback
                0x0000000008006e14       0x28 Src/main.o
                0x0000000008006e14                HAL_ADC_ConvCpltCallback
 .text.main     0x0000000008006e3c       0x44 Src/main.o
                0x0000000008006e3c                main
 .text.SystemClock_Config
                0x0000000008006e80       0xb6 Src/main.o
                0x0000000008006e80                SystemClock_Config
 *fill*         0x0000000008006f36        0x2 
 .text.MX_ADC1_Init
                0x0000000008006f38       0x7c Src/main.o
 .text.MX_SPI1_Init
                0x0000000008006fb4       0x6c Src/main.o
 .text.MX_TIM2_Init
                0x0000000008007020       0x98 Src/main.o
 .text.MX_DMA_Init
                0x00000000080070b8       0x5c Src/main.o
 .text.MX_GPIO_Init
                0x0000000008007114       0xd8 Src/main.o
 .text.HAL_TIM_PeriodElapsedCallback
                0x00000000080071ec      0x188 Src/main.o
                0x00000000080071ec                HAL_TIM_PeriodElapsedCallback
 .text.Error_Handler
                0x0000000008007374        0xc Src/main.o
                0x0000000008007374                Error_Handler
 .text.HAL_MspInit
                0x0000000008007380       0x64 Src/stm32f1xx_hal_msp.o
                0x0000000008007380                HAL_MspInit
 .text.HAL_ADC_MspInit
                0x00000000080073e4       0xd4 Src/stm32f1xx_hal_msp.o
                0x00000000080073e4                HAL_ADC_MspInit
 .text.HAL_SPI_MspInit
                0x00000000080074b8      0x140 Src/stm32f1xx_hal_msp.o
                0x00000000080074b8                HAL_SPI_MspInit
 .text.HAL_TIM_Base_MspInit
                0x00000000080075f8       0x48 Src/stm32f1xx_hal_msp.o
                0x00000000080075f8                HAL_TIM_Base_MspInit
 .text.SDTimer_Handler
                0x0000000008007640       0x44 Src/stm32f1xx_it.o
                0x0000000008007640                SDTimer_Handler
 .text.NMI_Handler
                0x0000000008007684        0xc Src/stm32f1xx_it.o
                0x0000000008007684                NMI_Handler
 .text.HardFault_Handler
                0x0000000008007690        0x6 Src/stm32f1xx_it.o
                0x0000000008007690                HardFault_Handler
 .text.MemManage_Handler
                0x0000000008007696        0x6 Src/stm32f1xx_it.o
                0x0000000008007696                MemManage_Handler
 .text.BusFault_Handler
                0x000000000800769c        0x6 Src/stm32f1xx_it.o
                0x000000000800769c                BusFault_Handler
 .text.UsageFault_Handler
                0x00000000080076a2        0x6 Src/stm32f1xx_it.o
                0x00000000080076a2                UsageFault_Handler
 .text.SVC_Handler
                0x00000000080076a8        0xc Src/stm32f1xx_it.o
                0x00000000080076a8                SVC_Handler
 .text.DebugMon_Handler
                0x00000000080076b4        0xc Src/stm32f1xx_it.o
                0x00000000080076b4                DebugMon_Handler
 .text.PendSV_Handler
                0x00000000080076c0        0xc Src/stm32f1xx_it.o
                0x00000000080076c0                PendSV_Handler
 .text.SysTick_Handler
                0x00000000080076cc       0x34 Src/stm32f1xx_it.o
                0x00000000080076cc                SysTick_Handler
 .text.DMA1_Channel1_IRQHandler
                0x0000000008007700       0x14 Src/stm32f1xx_it.o
                0x0000000008007700                DMA1_Channel1_IRQHandler
 .text.DMA1_Channel2_IRQHandler
                0x0000000008007714       0x14 Src/stm32f1xx_it.o
                0x0000000008007714                DMA1_Channel2_IRQHandler
 .text.DMA1_Channel3_IRQHandler
                0x0000000008007728       0x14 Src/stm32f1xx_it.o
                0x0000000008007728                DMA1_Channel3_IRQHandler
 .text.TIM2_IRQHandler
                0x000000000800773c       0x14 Src/stm32f1xx_it.o
                0x000000000800773c                TIM2_IRQHandler
 .text.SystemInit
                0x0000000008007750       0x68 Src/system_stm32f1xx.o
                0x0000000008007750                SystemInit
 .text.USER_initialize
                0x00000000080077b8       0x1c Src/user_diskio.o
                0x00000000080077b8                USER_initialize
 .text.USER_status
                0x00000000080077d4       0x1c Src/user_diskio.o
                0x00000000080077d4                USER_status
 .text.USER_read
                0x00000000080077f0       0x26 Src/user_diskio.o
                0x00000000080077f0                USER_read
 .text.USER_write
                0x0000000008007816       0x26 Src/user_diskio.o
                0x0000000008007816                USER_write
 .text.USER_ioctl
                0x000000000800783c       0x26 Src/user_diskio.o
                0x000000000800783c                USER_ioctl
 *fill*         0x0000000008007862        0x2 
 .text.Reset_Handler
                0x0000000008007864       0x48 startup/startup_stm32f103xb.o
                0x0000000008007864                Reset_Handler
 .text.Default_Handler
                0x00000000080078ac        0x2 startup/startup_stm32f103xb.o
                0x00000000080078ac                RTC_Alarm_IRQHandler
                0x00000000080078ac                EXTI2_IRQHandler
                0x00000000080078ac                TIM1_CC_IRQHandler
                0x00000000080078ac                PVD_IRQHandler
                0x00000000080078ac                EXTI3_IRQHandler
                0x00000000080078ac                EXTI0_IRQHandler
                0x00000000080078ac                I2C2_EV_IRQHandler
                0x00000000080078ac                ADC1_2_IRQHandler
                0x00000000080078ac                SPI1_IRQHandler
                0x00000000080078ac                TAMPER_IRQHandler
                0x00000000080078ac                DMA1_Channel4_IRQHandler
                0x00000000080078ac                USART3_IRQHandler
                0x00000000080078ac                RTC_IRQHandler
                0x00000000080078ac                DMA1_Channel7_IRQHandler
                0x00000000080078ac                CAN1_RX1_IRQHandler
                0x00000000080078ac                TIM4_IRQHandler
                0x00000000080078ac                I2C1_EV_IRQHandler
                0x00000000080078ac                DMA1_Channel6_IRQHandler
                0x00000000080078ac                TIM3_IRQHandler
                0x00000000080078ac                RCC_IRQHandler
                0x00000000080078ac                TIM1_TRG_COM_IRQHandler
                0x00000000080078ac                Default_Handler
                0x00000000080078ac                EXTI15_10_IRQHandler
                0x00000000080078ac                EXTI9_5_IRQHandler
                0x00000000080078ac                SPI2_IRQHandler
                0x00000000080078ac                DMA1_Channel5_IRQHandler
                0x00000000080078ac                EXTI4_IRQHandler
                0x00000000080078ac                USB_LP_CAN1_RX0_IRQHandler
                0x00000000080078ac                USB_HP_CAN1_TX_IRQHandler
                0x00000000080078ac                TIM1_UP_IRQHandler
                0x00000000080078ac                WWDG_IRQHandler
                0x00000000080078ac                TIM1_BRK_IRQHandler
                0x00000000080078ac                EXTI1_IRQHandler
                0x00000000080078ac                USART2_IRQHandler
                0x00000000080078ac                I2C2_ER_IRQHandler
                0x00000000080078ac                CAN1_SCE_IRQHandler
                0x00000000080078ac                FLASH_IRQHandler
                0x00000000080078ac                USART1_IRQHandler
                0x00000000080078ac                I2C1_ER_IRQHandler
                0x00000000080078ac                USBWakeUp_IRQHandler
 *fill*         0x00000000080078ae        0x2 
 .text.__libc_init_array
                0x00000000080078b0       0x48 /opt/Atollic_TrueSTUDIO_for_STM32_x86_64_9.0.1/ARMTools/bin/../lib/gcc/arm-atollic-eabi/6.3.1/../../../../arm-atollic-eabi/lib/armv7-m/libc_nano.a(lib_a-init.o)
                0x00000000080078b0                __libc_init_array
 .text.memset   0x00000000080078f8       0x10 /opt/Atollic_TrueSTUDIO_for_STM32_x86_64_9.0.1/ARMTools/bin/../lib/gcc/arm-atollic-eabi/6.3.1/../../../../arm-atollic-eabi/lib/armv7-m/libc_nano.a(lib_a-memset.o)
                0x00000000080078f8                memset
 *(.glue_7)
 .glue_7        0x0000000008007908        0x0 linker stubs
 *(.glue_7t)
 .glue_7t       0x0000000008007908        0x0 linker stubs
 *(.eh_frame)
 .eh_frame      0x0000000008007908        0x0 /opt/Atollic_TrueSTUDIO_for_STM32_x86_64_9.0.1/ARMTools/bin/../lib/gcc/arm-atollic-eabi/6.3.1/armv7-m/crtbegin.o
 *(.init)
 .init          0x0000000008007908        0x4 /opt/Atollic_TrueSTUDIO_for_STM32_x86_64_9.0.1/ARMTools/bin/../lib/gcc/arm-atollic-eabi/6.3.1/armv7-m/crti.o
                0x0000000008007908                _init
 .init          0x000000000800790c        0x8 /opt/Atollic_TrueSTUDIO_for_STM32_x86_64_9.0.1/ARMTools/bin/../lib/gcc/arm-atollic-eabi/6.3.1/armv7-m/crtn.o
 *(.fini)
 .fini          0x0000000008007914        0x4 /opt/Atollic_TrueSTUDIO_for_STM32_x86_64_9.0.1/ARMTools/bin/../lib/gcc/arm-atollic-eabi/6.3.1/armv7-m/crti.o
                0x0000000008007914                _fini
 .fini          0x0000000008007918        0x8 /opt/Atollic_TrueSTUDIO_for_STM32_x86_64_9.0.1/ARMTools/bin/../lib/gcc/arm-atollic-eabi/6.3.1/armv7-m/crtn.o
                0x0000000008007920                . = ALIGN (0x4)
                0x0000000008007920                _etext = .

.vfp11_veneer   0x0000000008007920        0x0
 .vfp11_veneer  0x0000000008007920        0x0 linker stubs

.v4_bx          0x0000000008007920        0x0
 .v4_bx         0x0000000008007920        0x0 linker stubs

.iplt           0x0000000008007920        0x0
 .iplt          0x0000000008007920        0x0 /opt/Atollic_TrueSTUDIO_for_STM32_x86_64_9.0.1/ARMTools/bin/../lib/gcc/arm-atollic-eabi/6.3.1/armv7-m/crtbegin.o

.rodata         0x0000000008007920      0x5c8
                0x0000000008007920                . = ALIGN (0x4)
 *(.rodata)
 .rodata        0x0000000008007920       0x12 Drivers/STM32F1xx_HAL_Driver/Src/stm32f1xx_hal_rcc.o
 *fill*         0x0000000008007932        0x2 
 .rodata        0x0000000008007934       0x48 Middlewares/Third_Party/FatFs/src/ff.o
 .rodata        0x000000000800797c        0xc Src/main.o
 *(.rodata*)
 .rodata.ExCvt  0x0000000008007988       0x80 Middlewares/Third_Party/FatFs/src/ff.o
 .rodata.LfnOfs
                0x0000000008007a08        0xd Middlewares/Third_Party/FatFs/src/ff.o
 *fill*         0x0000000008007a15        0x3 
 .rodata.Tbl    0x0000000008007a18      0x100 Middlewares/Third_Party/FatFs/src/option/ccsbcs.o
 .rodata.tbl_lower.6378
                0x0000000008007b18      0x1e0 Middlewares/Third_Party/FatFs/src/option/ccsbcs.o
 .rodata.tbl_upper.6379
                0x0000000008007cf8      0x1e0 Middlewares/Third_Party/FatFs/src/option/ccsbcs.o
 .rodata.AHBPrescTable
                0x0000000008007ed8       0x10 Src/system_stm32f1xx.o
                0x0000000008007ed8                AHBPrescTable
                0x0000000008007ee8                . = ALIGN (0x4)

.rel.dyn        0x0000000008007ee8        0x0
 .rel.iplt      0x0000000008007ee8        0x0 /opt/Atollic_TrueSTUDIO_for_STM32_x86_64_9.0.1/ARMTools/bin/../lib/gcc/arm-atollic-eabi/6.3.1/armv7-m/crtbegin.o

.ARM.extab
 *(.ARM.extab* .gnu.linkonce.armextab.*)

.ARM            0x0000000008007ee8        0x0
                0x0000000008007ee8                __exidx_start = .
 *(.ARM.exidx*)
                0x0000000008007ee8                __exidx_end = .

.preinit_array  0x0000000008007ee8        0x0
                0x0000000008007ee8                PROVIDE (__preinit_array_start, .)
 *(.preinit_array*)
                0x0000000008007ee8                PROVIDE (__preinit_array_end, .)

.init_array     0x0000000008007ee8        0x4
                0x0000000008007ee8                PROVIDE (__init_array_start, .)
 *(SORT(.init_array.*))
 *(.init_array*)
 .init_array    0x0000000008007ee8        0x4 /opt/Atollic_TrueSTUDIO_for_STM32_x86_64_9.0.1/ARMTools/bin/../lib/gcc/arm-atollic-eabi/6.3.1/armv7-m/crtbegin.o
                0x0000000008007eec                PROVIDE (__init_array_end, .)

.fini_array     0x0000000008007eec        0x4
                [!provide]                        PROVIDE (__fini_array_start, .)
 *(SORT(.fini_array.*))
 *(.fini_array*)
 .fini_array    0x0000000008007eec        0x4 /opt/Atollic_TrueSTUDIO_for_STM32_x86_64_9.0.1/ARMTools/bin/../lib/gcc/arm-atollic-eabi/6.3.1/armv7-m/crtbegin.o
                [!provide]                        PROVIDE (__fini_array_end, .)
                0x0000000008007ef0                _sidata = LOADADDR (.data)

.data           0x0000000020000000       0x50 load address 0x0000000008007ef0
                0x0000000020000000                . = ALIGN (0x4)
                0x0000000020000000                _sdata = .
 *(.data)
 *(.data*)
 .data.uwTickPrio
                0x0000000020000000        0x4 Drivers/STM32F1xx_HAL_Driver/Src/stm32f1xx_hal.o
                0x0000000020000000                uwTickPrio
 .data.uwTickFreq
                0x0000000020000004        0x1 Drivers/STM32F1xx_HAL_Driver/Src/stm32f1xx_hal.o
                0x0000000020000004                uwTickFreq
 .data.Stat     0x0000000020000005        0x1 Src/fatfs_sd.o
 *fill*         0x0000000020000006        0x2 
 .data.samples  0x0000000020000008        0x4 Src/main.o
                0x0000000020000008                samples
 .data.header   0x000000002000000c       0x2c Src/main.o
                0x000000002000000c                header
 .data.SystemCoreClock
                0x0000000020000038        0x4 Src/system_stm32f1xx.o
                0x0000000020000038                SystemCoreClock
 .data.USER_Driver
                0x000000002000003c       0x14 Src/user_diskio.o
                0x000000002000003c                USER_Driver
                0x0000000020000050                . = ALIGN (0x4)
                0x0000000020000050                _edata = .

.igot.plt       0x0000000020000050        0x0 load address 0x0000000008007f40
 .igot.plt      0x0000000020000050        0x0 /opt/Atollic_TrueSTUDIO_for_STM32_x86_64_9.0.1/ARMTools/bin/../lib/gcc/arm-atollic-eabi/6.3.1/armv7-m/crtbegin.o
                0x0000000020000050                . = ALIGN (0x4)

.bss            0x0000000020000050     0x48b0 load address 0x0000000008007f40
                0x0000000020000050                _sbss = .
                0x0000000020000050                __bss_start__ = _sbss
 *(.bss)
 .bss           0x0000000020000050       0x1c /opt/Atollic_TrueSTUDIO_for_STM32_x86_64_9.0.1/ARMTools/bin/../lib/gcc/arm-atollic-eabi/6.3.1/armv7-m/crtbegin.o
 *(.bss*)
 .bss.FatFs     0x000000002000006c        0x4 Middlewares/Third_Party/FatFs/src/ff.o
 .bss.Fsid      0x0000000020000070        0x2 Middlewares/Third_Party/FatFs/src/ff.o
 *fill*         0x0000000020000072        0x2 
 .bss.Files     0x0000000020000074       0x18 Middlewares/Third_Party/FatFs/src/ff.o
 .bss.LfnBuf    0x000000002000008c      0x200 Middlewares/Third_Party/FatFs/src/ff.o
 .bss.disk      0x000000002000028c        0xc Middlewares/Third_Party/FatFs/src/ff_gen_drv.o
                0x000000002000028c                disk
 .bss.CardType  0x0000000020000298        0x1 Src/fatfs_sd.o
 .bss.PowerFlag
                0x0000000020000299        0x1 Src/fatfs_sd.o
 *fill*         0x000000002000029a        0x2 
 .bss.count     0x000000002000029c        0x4 Src/main.o
                0x000000002000029c                count
 .bss.laco      0x00000000200002a0        0x4 Src/main.o
                0x00000000200002a0                laco
 .bss.closed    0x00000000200002a4        0x1 Src/main.o
                0x00000000200002a4                closed
 .bss.headerSet
                0x00000000200002a5        0x1 Src/main.o
                0x00000000200002a5                headerSet
 .bss.FatFsCnt  0x00000000200002a6        0x1 Src/stm32f1xx_it.o
                0x00000000200002a6                FatFsCnt
 *(COMMON)
 *fill*         0x00000000200002a7        0x1 
 COMMON         0x00000000200002a8        0x4 Drivers/STM32F1xx_HAL_Driver/Src/stm32f1xx_hal.o
                0x00000000200002a8                uwTick
 COMMON         0x00000000200002ac     0x2064 Src/fatfs.o
                0x00000000200002ac                USERPath
                0x00000000200002b0                retUSER
                0x00000000200002b4                USERFile
                0x00000000200012e0                USERFatFS
 COMMON         0x0000000020002310     0x25ec Src/main.o
                0x0000000020002310                fs
                0x0000000020003340                buff
                0x0000000020003728                br
                0x000000002000372c                hadc1
                0x000000002000375c                Data
                0x0000000020003760                buffer
                0x0000000020003764                hdma_adc1
                0x00000000200037a8                bw
                0x00000000200037ac                hspi1
                0x0000000020003804                htim2
                0x0000000020003844                hdma_spi1_rx
                0x0000000020003888                adcValue
                0x000000002000388c                fil
                0x00000000200048b8                hdma_spi1_tx
 COMMON         0x00000000200048fc        0x2 Src/stm32f1xx_it.o
                0x00000000200048fc                Timer2
                0x00000000200048fd                Timer1
                0x0000000020004900                . = ALIGN (0x4)
 *fill*         0x00000000200048fe        0x2 
                0x0000000020004900                _ebss = .
                0x0000000020004900                __bss_end__ = _ebss

._user_heap_stack
                0x0000000020004900      0x600 load address 0x0000000008007f40
                0x0000000020004900                . = ALIGN (0x4)
                0x0000000020004900                PROVIDE (end, .)
                [!provide]                        PROVIDE (_end, .)
                0x0000000020004b00                . = (. + _Min_Heap_Size)
 *fill*         0x0000000020004900      0x200 
                0x0000000020004f00                . = (. + _Min_Stack_Size)
 *fill*         0x0000000020004b00      0x400 
                0x0000000020004f00                . = ALIGN (0x4)

/DISCARD/
 libc.a(*)
 libm.a(*)
 libgcc.a(*)

.ARM.attributes
                0x0000000000000000       0x29
 *(.ARM.attributes)
 .ARM.attributes
                0x0000000000000000       0x1d /opt/Atollic_TrueSTUDIO_for_STM32_x86_64_9.0.1/ARMTools/bin/../lib/gcc/arm-atollic-eabi/6.3.1/armv7-m/crti.o
 .ARM.attributes
                0x000000000000001d       0x2d /opt/Atollic_TrueSTUDIO_for_STM32_x86_64_9.0.1/ARMTools/bin/../lib/gcc/arm-atollic-eabi/6.3.1/armv7-m/crtbegin.o
 .ARM.attributes
                0x000000000000004a       0x33 Drivers/STM32F1xx_HAL_Driver/Src/stm32f1xx_hal.o
 .ARM.attributes
                0x000000000000007d       0x33 Drivers/STM32F1xx_HAL_Driver/Src/stm32f1xx_hal_adc.o
 .ARM.attributes
                0x00000000000000b0       0x33 Drivers/STM32F1xx_HAL_Driver/Src/stm32f1xx_hal_cortex.o
 .ARM.attributes
                0x00000000000000e3       0x33 Drivers/STM32F1xx_HAL_Driver/Src/stm32f1xx_hal_dma.o
 .ARM.attributes
                0x0000000000000116       0x33 Drivers/STM32F1xx_HAL_Driver/Src/stm32f1xx_hal_gpio.o
 .ARM.attributes
                0x0000000000000149       0x33 Drivers/STM32F1xx_HAL_Driver/Src/stm32f1xx_hal_rcc.o
 .ARM.attributes
                0x000000000000017c       0x33 Drivers/STM32F1xx_HAL_Driver/Src/stm32f1xx_hal_rcc_ex.o
 .ARM.attributes
                0x00000000000001af       0x33 Drivers/STM32F1xx_HAL_Driver/Src/stm32f1xx_hal_spi.o
 .ARM.attributes
                0x00000000000001e2       0x33 Drivers/STM32F1xx_HAL_Driver/Src/stm32f1xx_hal_tim.o
 .ARM.attributes
                0x0000000000000215       0x33 Drivers/STM32F1xx_HAL_Driver/Src/stm32f1xx_hal_tim_ex.o
 .ARM.attributes
                0x0000000000000248       0x33 Middlewares/Third_Party/FatFs/src/diskio.o
 .ARM.attributes
                0x000000000000027b       0x33 Middlewares/Third_Party/FatFs/src/ff.o
 .ARM.attributes
                0x00000000000002ae       0x33 Middlewares/Third_Party/FatFs/src/ff_gen_drv.o
 .ARM.attributes
                0x00000000000002e1       0x33 Middlewares/Third_Party/FatFs/src/option/ccsbcs.o
 .ARM.attributes
                0x0000000000000314       0x33 Src/fatfs.o
 .ARM.attributes
                0x0000000000000347       0x33 Src/fatfs_sd.o
 .ARM.attributes
                0x000000000000037a       0x33 Src/main.o
 .ARM.attributes
                0x00000000000003ad       0x33 Src/stm32f1xx_hal_msp.o
 .ARM.attributes
                0x00000000000003e0       0x33 Src/stm32f1xx_it.o
 .ARM.attributes
                0x0000000000000413       0x33 Src/system_stm32f1xx.o
 .ARM.attributes
                0x0000000000000446       0x33 Src/user_diskio.o
 .ARM.attributes
                0x0000000000000479       0x21 startup/startup_stm32f103xb.o
 .ARM.attributes
                0x000000000000049a       0x2d /opt/Atollic_TrueSTUDIO_for_STM32_x86_64_9.0.1/ARMTools/bin/../lib/gcc/arm-atollic-eabi/6.3.1/../../../../arm-atollic-eabi/lib/armv7-m/libc_nano.a(lib_a-init.o)
 .ARM.attributes
                0x00000000000004c7       0x2d /opt/Atollic_TrueSTUDIO_for_STM32_x86_64_9.0.1/ARMTools/bin/../lib/gcc/arm-atollic-eabi/6.3.1/../../../../arm-atollic-eabi/lib/armv7-m/libc_nano.a(lib_a-memset.o)
 .ARM.attributes
                0x00000000000004f4       0x1d /opt/Atollic_TrueSTUDIO_for_STM32_x86_64_9.0.1/ARMTools/bin/../lib/gcc/arm-atollic-eabi/6.3.1/armv7-m/crtn.o
OUTPUT(Micros.elf elf32-littlearm)

.debug_info     0x0000000000000000    0x10298
 .debug_info    0x0000000000000000      0x6fe Drivers/STM32F1xx_HAL_Driver/Src/stm32f1xx_hal.o
 .debug_info    0x00000000000006fe      0xc5e Drivers/STM32F1xx_HAL_Driver/Src/stm32f1xx_hal_adc.o
 .debug_info    0x000000000000135c      0xb47 Drivers/STM32F1xx_HAL_Driver/Src/stm32f1xx_hal_cortex.o
 .debug_info    0x0000000000001ea3      0x7a2 Drivers/STM32F1xx_HAL_Driver/Src/stm32f1xx_hal_dma.o
 .debug_info    0x0000000000002645      0x681 Drivers/STM32F1xx_HAL_Driver/Src/stm32f1xx_hal_gpio.o
 .debug_info    0x0000000000002cc6      0x803 Drivers/STM32F1xx_HAL_Driver/Src/stm32f1xx_hal_rcc.o
 .debug_info    0x00000000000034c9      0x438 Drivers/STM32F1xx_HAL_Driver/Src/stm32f1xx_hal_rcc_ex.o
 .debug_info    0x0000000000003901     0x1537 Drivers/STM32F1xx_HAL_Driver/Src/stm32f1xx_hal_spi.o
 .debug_info    0x0000000000004e38     0x2451 Drivers/STM32F1xx_HAL_Driver/Src/stm32f1xx_hal_tim.o
 .debug_info    0x0000000000007289     0x1100 Drivers/STM32F1xx_HAL_Driver/Src/stm32f1xx_hal_tim_ex.o
 .debug_info    0x0000000000008389      0x4b4 Middlewares/Third_Party/FatFs/src/diskio.o
 .debug_info    0x000000000000883d     0x2504 Middlewares/Third_Party/FatFs/src/ff.o
 .debug_info    0x000000000000ad41      0x452 Middlewares/Third_Party/FatFs/src/ff_gen_drv.o
 .debug_info    0x000000000000b193      0x25d Middlewares/Third_Party/FatFs/src/option/ccsbcs.o
 .debug_info    0x000000000000b3f0      0x595 Src/fatfs.o
 .debug_info    0x000000000000b985      0xb7f Src/fatfs_sd.o
 .debug_info    0x000000000000c504     0x1647 Src/main.o
 .debug_info    0x000000000000db4b      0xf70 Src/stm32f1xx_hal_msp.o
 .debug_info    0x000000000000eabb      0x734 Src/stm32f1xx_it.o
 .debug_info    0x000000000000f1ef      0x434 Src/system_stm32f1xx.o
 .debug_info    0x000000000000f623      0xc0f Src/user_diskio.o
 .debug_info    0x0000000000010232       0x66 startup/startup_stm32f103xb.o

.debug_abbrev   0x0000000000000000     0x27db
 .debug_abbrev  0x0000000000000000      0x1d3 Drivers/STM32F1xx_HAL_Driver/Src/stm32f1xx_hal.o
 .debug_abbrev  0x00000000000001d3      0x1d0 Drivers/STM32F1xx_HAL_Driver/Src/stm32f1xx_hal_adc.o
 .debug_abbrev  0x00000000000003a3      0x2d0 Drivers/STM32F1xx_HAL_Driver/Src/stm32f1xx_hal_cortex.o
 .debug_abbrev  0x0000000000000673      0x1f9 Drivers/STM32F1xx_HAL_Driver/Src/stm32f1xx_hal_dma.o
 .debug_abbrev  0x000000000000086c      0x1bb Drivers/STM32F1xx_HAL_Driver/Src/stm32f1xx_hal_gpio.o
 .debug_abbrev  0x0000000000000a27      0x23e Drivers/STM32F1xx_HAL_Driver/Src/stm32f1xx_hal_rcc.o
 .debug_abbrev  0x0000000000000c65      0x170 Drivers/STM32F1xx_HAL_Driver/Src/stm32f1xx_hal_rcc_ex.o
 .debug_abbrev  0x0000000000000dd5      0x23b Drivers/STM32F1xx_HAL_Driver/Src/stm32f1xx_hal_spi.o
 .debug_abbrev  0x0000000000001010      0x229 Drivers/STM32F1xx_HAL_Driver/Src/stm32f1xx_hal_tim.o
 .debug_abbrev  0x0000000000001239      0x217 Drivers/STM32F1xx_HAL_Driver/Src/stm32f1xx_hal_tim_ex.o
 .debug_abbrev  0x0000000000001450      0x16a Middlewares/Third_Party/FatFs/src/diskio.o
 .debug_abbrev  0x00000000000015ba      0x273 Middlewares/Third_Party/FatFs/src/ff.o
 .debug_abbrev  0x000000000000182d      0x197 Middlewares/Third_Party/FatFs/src/ff_gen_drv.o
 .debug_abbrev  0x00000000000019c4      0x103 Middlewares/Third_Party/FatFs/src/option/ccsbcs.o
 .debug_abbrev  0x0000000000001ac7      0x178 Src/fatfs.o
 .debug_abbrev  0x0000000000001c3f      0x25d Src/fatfs_sd.o
 .debug_abbrev  0x0000000000001e9c      0x2bf Src/main.o
 .debug_abbrev  0x000000000000215b      0x1d7 Src/stm32f1xx_hal_msp.o
 .debug_abbrev  0x0000000000002332      0x17c Src/stm32f1xx_it.o
 .debug_abbrev  0x00000000000024ae      0x12f Src/system_stm32f1xx.o
 .debug_abbrev  0x00000000000025dd      0x1ec Src/user_diskio.o
 .debug_abbrev  0x00000000000027c9       0x12 startup/startup_stm32f103xb.o

.debug_aranges  0x0000000000000000     0x1088
 .debug_aranges
                0x0000000000000000       0xe0 Drivers/STM32F1xx_HAL_Driver/Src/stm32f1xx_hal.o
 .debug_aranges
                0x00000000000000e0       0xf0 Drivers/STM32F1xx_HAL_Driver/Src/stm32f1xx_hal_adc.o
 .debug_aranges
                0x00000000000001d0      0x100 Drivers/STM32F1xx_HAL_Driver/Src/stm32f1xx_hal_cortex.o
 .debug_aranges
                0x00000000000002d0       0x80 Drivers/STM32F1xx_HAL_Driver/Src/stm32f1xx_hal_dma.o
 .debug_aranges
                0x0000000000000350       0x58 Drivers/STM32F1xx_HAL_Driver/Src/stm32f1xx_hal_gpio.o
 .debug_aranges
                0x00000000000003a8       0x90 Drivers/STM32F1xx_HAL_Driver/Src/stm32f1xx_hal_rcc.o
 .debug_aranges
                0x0000000000000438       0x30 Drivers/STM32F1xx_HAL_Driver/Src/stm32f1xx_hal_rcc_ex.o
 .debug_aranges
                0x0000000000000468      0x1d0 Drivers/STM32F1xx_HAL_Driver/Src/stm32f1xx_hal_spi.o
 .debug_aranges
                0x0000000000000638      0x3a8 Drivers/STM32F1xx_HAL_Driver/Src/stm32f1xx_hal_tim.o
 .debug_aranges
                0x00000000000009e0      0x150 Drivers/STM32F1xx_HAL_Driver/Src/stm32f1xx_hal_tim_ex.o
 .debug_aranges
                0x0000000000000b30       0x48 Middlewares/Third_Party/FatFs/src/diskio.o
 .debug_aranges
                0x0000000000000b78      0x210 Middlewares/Third_Party/FatFs/src/ff.o
 .debug_aranges
                0x0000000000000d88       0x40 Middlewares/Third_Party/FatFs/src/ff_gen_drv.o
 .debug_aranges
                0x0000000000000dc8       0x28 Middlewares/Third_Party/FatFs/src/option/ccsbcs.o
 .debug_aranges
                0x0000000000000df0       0x28 Src/fatfs.o
 .debug_aranges
                0x0000000000000e18       0xa0 Src/fatfs_sd.o
 .debug_aranges
                0x0000000000000eb8       0x68 Src/main.o
 .debug_aranges
                0x0000000000000f20       0x50 Src/stm32f1xx_hal_msp.o
 .debug_aranges
                0x0000000000000f70       0x88 Src/stm32f1xx_it.o
 .debug_aranges
                0x0000000000000ff8       0x28 Src/system_stm32f1xx.o
 .debug_aranges
                0x0000000000001020       0x40 Src/user_diskio.o
 .debug_aranges
                0x0000000000001060       0x28 startup/startup_stm32f103xb.o

.debug_ranges   0x0000000000000000      0xf30
 .debug_ranges  0x0000000000000000       0xd0 Drivers/STM32F1xx_HAL_Driver/Src/stm32f1xx_hal.o
 .debug_ranges  0x00000000000000d0       0xe0 Drivers/STM32F1xx_HAL_Driver/Src/stm32f1xx_hal_adc.o
 .debug_ranges  0x00000000000001b0       0xf0 Drivers/STM32F1xx_HAL_Driver/Src/stm32f1xx_hal_cortex.o
 .debug_ranges  0x00000000000002a0       0x70 Drivers/STM32F1xx_HAL_Driver/Src/stm32f1xx_hal_dma.o
 .debug_ranges  0x0000000000000310       0x48 Drivers/STM32F1xx_HAL_Driver/Src/stm32f1xx_hal_gpio.o
 .debug_ranges  0x0000000000000358       0x80 Drivers/STM32F1xx_HAL_Driver/Src/stm32f1xx_hal_rcc.o
 .debug_ranges  0x00000000000003d8       0x20 Drivers/STM32F1xx_HAL_Driver/Src/stm32f1xx_hal_rcc_ex.o
 .debug_ranges  0x00000000000003f8      0x1c0 Drivers/STM32F1xx_HAL_Driver/Src/stm32f1xx_hal_spi.o
 .debug_ranges  0x00000000000005b8      0x398 Drivers/STM32F1xx_HAL_Driver/Src/stm32f1xx_hal_tim.o
 .debug_ranges  0x0000000000000950      0x140 Drivers/STM32F1xx_HAL_Driver/Src/stm32f1xx_hal_tim_ex.o
 .debug_ranges  0x0000000000000a90       0x38 Middlewares/Third_Party/FatFs/src/diskio.o
 .debug_ranges  0x0000000000000ac8      0x200 Middlewares/Third_Party/FatFs/src/ff.o
 .debug_ranges  0x0000000000000cc8       0x30 Middlewares/Third_Party/FatFs/src/ff_gen_drv.o
 .debug_ranges  0x0000000000000cf8       0x18 Middlewares/Third_Party/FatFs/src/option/ccsbcs.o
 .debug_ranges  0x0000000000000d10       0x18 Src/fatfs.o
 .debug_ranges  0x0000000000000d28       0x90 Src/fatfs_sd.o
 .debug_ranges  0x0000000000000db8       0x58 Src/main.o
 .debug_ranges  0x0000000000000e10       0x40 Src/stm32f1xx_hal_msp.o
 .debug_ranges  0x0000000000000e50       0x78 Src/stm32f1xx_it.o
 .debug_ranges  0x0000000000000ec8       0x18 Src/system_stm32f1xx.o
 .debug_ranges  0x0000000000000ee0       0x30 Src/user_diskio.o
 .debug_ranges  0x0000000000000f10       0x20 startup/startup_stm32f103xb.o

.debug_line     0x0000000000000000     0x7ece
 .debug_line    0x0000000000000000      0x3ce Drivers/STM32F1xx_HAL_Driver/Src/stm32f1xx_hal.o
 .debug_line    0x00000000000003ce      0x75d Drivers/STM32F1xx_HAL_Driver/Src/stm32f1xx_hal_adc.o
 .debug_line    0x0000000000000b2b      0x4a0 Drivers/STM32F1xx_HAL_Driver/Src/stm32f1xx_hal_cortex.o
 .debug_line    0x0000000000000fcb      0x65b Drivers/STM32F1xx_HAL_Driver/Src/stm32f1xx_hal_dma.o
 .debug_line    0x0000000000001626      0x3e6 Drivers/STM32F1xx_HAL_Driver/Src/stm32f1xx_hal_gpio.o
 .debug_line    0x0000000000001a0c      0x4e8 Drivers/STM32F1xx_HAL_Driver/Src/stm32f1xx_hal_rcc.o
 .debug_line    0x0000000000001ef4      0x2d7 Drivers/STM32F1xx_HAL_Driver/Src/stm32f1xx_hal_rcc_ex.o
 .debug_line    0x00000000000021cb      0xbd3 Drivers/STM32F1xx_HAL_Driver/Src/stm32f1xx_hal_spi.o
 .debug_line    0x0000000000002d9e     0x12d1 Drivers/STM32F1xx_HAL_Driver/Src/stm32f1xx_hal_tim.o
 .debug_line    0x000000000000406f      0x838 Drivers/STM32F1xx_HAL_Driver/Src/stm32f1xx_hal_tim_ex.o
 .debug_line    0x00000000000048a7      0x25b Middlewares/Third_Party/FatFs/src/diskio.o
 .debug_line    0x0000000000004b02     0x1788 Middlewares/Third_Party/FatFs/src/ff.o
 .debug_line    0x000000000000628a      0x25a Middlewares/Third_Party/FatFs/src/ff_gen_drv.o
 .debug_line    0x00000000000064e4      0x26c Middlewares/Third_Party/FatFs/src/option/ccsbcs.o
 .debug_line    0x0000000000006750      0x23a Src/fatfs.o
 .debug_line    0x000000000000698a      0x589 Src/fatfs_sd.o
 .debug_line    0x0000000000006f13      0x432 Src/main.o
 .debug_line    0x0000000000007345      0x314 Src/stm32f1xx_hal_msp.o
 .debug_line    0x0000000000007659      0x306 Src/stm32f1xx_it.o
 .debug_line    0x000000000000795f      0x219 Src/system_stm32f1xx.o
 .debug_line    0x0000000000007b78      0x2d9 Src/user_diskio.o
 .debug_line    0x0000000000007e51       0x7d startup/startup_stm32f103xb.o

.debug_str      0x0000000000000000     0x45b6
 .debug_str     0x0000000000000000      0x7a9 Drivers/STM32F1xx_HAL_Driver/Src/stm32f1xx_hal.o
                                        0x812 (size before relaxing)
 .debug_str     0x00000000000007a9      0x61d Drivers/STM32F1xx_HAL_Driver/Src/stm32f1xx_hal_adc.o
                                        0x912 (size before relaxing)
 .debug_str     0x0000000000000dc6      0x40a Drivers/STM32F1xx_HAL_Driver/Src/stm32f1xx_hal_cortex.o
                                        0x979 (size before relaxing)
 .debug_str     0x00000000000011d0      0x23f Drivers/STM32F1xx_HAL_Driver/Src/stm32f1xx_hal_dma.o
                                        0x6bb (size before relaxing)
 .debug_str     0x000000000000140f      0x1ca Drivers/STM32F1xx_HAL_Driver/Src/stm32f1xx_hal_gpio.o
                                        0x4ca (size before relaxing)
 .debug_str     0x00000000000015d9      0x31b Drivers/STM32F1xx_HAL_Driver/Src/stm32f1xx_hal_rcc.o
                                        0x685 (size before relaxing)
 .debug_str     0x00000000000018f4      0x12b Drivers/STM32F1xx_HAL_Driver/Src/stm32f1xx_hal_rcc_ex.o
                                        0x46a (size before relaxing)
 .debug_str     0x0000000000001a1f      0x6ea Drivers/STM32F1xx_HAL_Driver/Src/stm32f1xx_hal_spi.o
                                        0xbb2 (size before relaxing)
 .debug_str     0x0000000000002109      0xfb7 Drivers/STM32F1xx_HAL_Driver/Src/stm32f1xx_hal_tim.o
                                       0x14a8 (size before relaxing)
 .debug_str     0x00000000000030c0      0x579 Drivers/STM32F1xx_HAL_Driver/Src/stm32f1xx_hal_tim_ex.o
                                        0xca8 (size before relaxing)
 .debug_str     0x0000000000003639       0xcd Middlewares/Third_Party/FatFs/src/diskio.o
                                        0x367 (size before relaxing)
 .debug_str     0x0000000000003706      0x5b3 Middlewares/Third_Party/FatFs/src/ff.o
                                        0x8b7 (size before relaxing)
 .debug_str     0x0000000000003cb9       0xa2 Middlewares/Third_Party/FatFs/src/ff_gen_drv.o
                                        0x3b8 (size before relaxing)
 .debug_str     0x0000000000003d5b       0x60 Middlewares/Third_Party/FatFs/src/option/ccsbcs.o
                                        0x2b9 (size before relaxing)
 .debug_str     0x0000000000003dbb       0x4d Src/fatfs.o
                                        0x40e (size before relaxing)
 .debug_str     0x0000000000003e08      0x12f Src/fatfs_sd.o
                                        0x7f6 (size before relaxing)
 .debug_str     0x0000000000003f37       0xe4 Src/main.o
                                       0x11d5 (size before relaxing)
 .debug_str     0x000000000000401b       0x25 Src/stm32f1xx_hal_msp.o
                                        0xd93 (size before relaxing)
 .debug_str     0x0000000000004040      0x11a Src/stm32f1xx_it.o
                                        0x74d (size before relaxing)
 .debug_str     0x000000000000415a       0x4d Src/system_stm32f1xx.o
                                        0x339 (size before relaxing)
 .debug_str     0x00000000000041a7      0x40f Src/user_diskio.o
                                        0x782 (size before relaxing)

.comment        0x0000000000000000       0x7c
 .comment       0x0000000000000000       0x7c Drivers/STM32F1xx_HAL_Driver/Src/stm32f1xx_hal.o
                                         0x7d (size before relaxing)
 .comment       0x000000000000007c       0x7d Drivers/STM32F1xx_HAL_Driver/Src/stm32f1xx_hal_adc.o
 .comment       0x000000000000007c       0x7d Drivers/STM32F1xx_HAL_Driver/Src/stm32f1xx_hal_cortex.o
 .comment       0x000000000000007c       0x7d Drivers/STM32F1xx_HAL_Driver/Src/stm32f1xx_hal_dma.o
 .comment       0x000000000000007c       0x7d Drivers/STM32F1xx_HAL_Driver/Src/stm32f1xx_hal_gpio.o
 .comment       0x000000000000007c       0x7d Drivers/STM32F1xx_HAL_Driver/Src/stm32f1xx_hal_rcc.o
 .comment       0x000000000000007c       0x7d Drivers/STM32F1xx_HAL_Driver/Src/stm32f1xx_hal_rcc_ex.o
 .comment       0x000000000000007c       0x7d Drivers/STM32F1xx_HAL_Driver/Src/stm32f1xx_hal_spi.o
 .comment       0x000000000000007c       0x7d Drivers/STM32F1xx_HAL_Driver/Src/stm32f1xx_hal_tim.o
 .comment       0x000000000000007c       0x7d Drivers/STM32F1xx_HAL_Driver/Src/stm32f1xx_hal_tim_ex.o
 .comment       0x000000000000007c       0x7d Middlewares/Third_Party/FatFs/src/diskio.o
 .comment       0x000000000000007c       0x7d Middlewares/Third_Party/FatFs/src/ff.o
 .comment       0x000000000000007c       0x7d Middlewares/Third_Party/FatFs/src/ff_gen_drv.o
 .comment       0x000000000000007c       0x7d Middlewares/Third_Party/FatFs/src/option/ccsbcs.o
 .comment       0x000000000000007c       0x7d Src/fatfs.o
 .comment       0x000000000000007c       0x7d Src/fatfs_sd.o
 .comment       0x000000000000007c       0x7d Src/main.o
 .comment       0x000000000000007c       0x7d Src/stm32f1xx_hal_msp.o
 .comment       0x000000000000007c       0x7d Src/stm32f1xx_it.o
 .comment       0x000000000000007c       0x7d Src/system_stm32f1xx.o
 .comment       0x000000000000007c       0x7d Src/user_diskio.o

.debug_frame    0x0000000000000000     0x4418
 .debug_frame   0x0000000000000000      0x334 Drivers/STM32F1xx_HAL_Driver/Src/stm32f1xx_hal.o
 .debug_frame   0x0000000000000334      0x410 Drivers/STM32F1xx_HAL_Driver/Src/stm32f1xx_hal_adc.o
 .debug_frame   0x0000000000000744      0x428 Drivers/STM32F1xx_HAL_Driver/Src/stm32f1xx_hal_cortex.o
 .debug_frame   0x0000000000000b6c      0x208 Drivers/STM32F1xx_HAL_Driver/Src/stm32f1xx_hal_dma.o
 .debug_frame   0x0000000000000d74      0x14c Drivers/STM32F1xx_HAL_Driver/Src/stm32f1xx_hal_gpio.o
 .debug_frame   0x0000000000000ec0      0x21c Drivers/STM32F1xx_HAL_Driver/Src/stm32f1xx_hal_rcc.o
 .debug_frame   0x00000000000010dc       0x84 Drivers/STM32F1xx_HAL_Driver/Src/stm32f1xx_hal_rcc_ex.o
 .debug_frame   0x0000000000001160      0x824 Drivers/STM32F1xx_HAL_Driver/Src/stm32f1xx_hal_spi.o
 .debug_frame   0x0000000000001984     0x10e8 Drivers/STM32F1xx_HAL_Driver/Src/stm32f1xx_hal_tim.o
 .debug_frame   0x0000000000002a6c      0x5c0 Drivers/STM32F1xx_HAL_Driver/Src/stm32f1xx_hal_tim_ex.o
 .debug_frame   0x000000000000302c       0xec Middlewares/Third_Party/FatFs/src/diskio.o
 .debug_frame   0x0000000000003118      0x9ac Middlewares/Third_Party/FatFs/src/ff.o
 .debug_frame   0x0000000000003ac4       0xc8 Middlewares/Third_Party/FatFs/src/ff_gen_drv.o
 .debug_frame   0x0000000000003b8c       0x60 Middlewares/Third_Party/FatFs/src/option/ccsbcs.o
 .debug_frame   0x0000000000003bec       0x4c Src/fatfs.o
 .debug_frame   0x0000000000003c38      0x268 Src/fatfs_sd.o
 .debug_frame   0x0000000000003ea0      0x164 Src/main.o
 .debug_frame   0x0000000000004004      0x110 Src/stm32f1xx_hal_msp.o
 .debug_frame   0x0000000000004114      0x19c Src/stm32f1xx_it.o
 .debug_frame   0x00000000000042b0       0x58 Src/system_stm32f1xx.o
 .debug_frame   0x0000000000004308       0xc4 Src/user_diskio.o
 .debug_frame   0x00000000000043cc       0x2c /opt/Atollic_TrueSTUDIO_for_STM32_x86_64_9.0.1/ARMTools/bin/../lib/gcc/arm-atollic-eabi/6.3.1/../../../../arm-atollic-eabi/lib/armv7-m/libc_nano.a(lib_a-init.o)
 .debug_frame   0x00000000000043f8       0x20 /opt/Atollic_TrueSTUDIO_for_STM32_x86_64_9.0.1/ARMTools/bin/../lib/gcc/arm-atollic-eabi/6.3.1/../../../../arm-atollic-eabi/lib/armv7-m/libc_nano.a(lib_a-memset.o)
